CRITICAL - 2026-09-10 09:16:14 --> ErrorException: require(Views/nav.php): Failed to open stream: No such file or directory
[Method: GET, Route: /]
in APPPATH\Views\index.php on line 1.
 1 APPPATH\Views\index.php(1): CodeIgniter\Debug\Exceptions->errorHandler(2, 'require(Views/nav.php): Failed to open stream: No such file or directory', 'D:\\xampp\\htdocs\\ci4\\app\\Views\\index.php', 1)
 2 APPPATH\Views\index.php(1): require()
 3 SYSTEMPATH\View\View.php(234): include('D:\\xampp\\htdocs\\ci4\\app\\Views\\index.php')
 4 SYSTEMPATH\View\View.php(237): CodeIgniter\View\View->CodeIgniter\View\{closure}()
 5 SYSTEMPATH\Common.php(1171): CodeIgniter\View\View->render('index', [], true)
 6 APPPATH\Controllers\Pages.php(9): view('index')
 7 SYSTEMPATH\CodeIgniter.php(933): App\Controllers\Pages->index()
 8 SYSTEMPATH\CodeIgniter.php(509): CodeIgniter\CodeIgniter->runController(Object(App\Controllers\Pages))
 9 SYSTEMPATH\CodeIgniter.php(355): CodeIgniter\CodeIgniter->handleRequest(null, Object(Config\Cache), false)
10 SYSTEMPATH\Boot.php(325): CodeIgniter\CodeIgniter->run()
11 SYSTEMPATH\Boot.php(67): CodeIgniter\Boot::runCodeIgniter(Object(CodeIgniter\CodeIgniter))
12 FCPATH\index.php(56): CodeIgniter\Boot::bootWeb(Object(Config\Paths))
CRITICAL - 2026-09-10 09:16:14 --> ErrorException: require(Views/nav.php): Failed to open stream: No such file or directory
[Method: GET, Route: /]
in APPPATH\Views\index.php on line 1.
 1 APPPATH\Views\index.php(1): CodeIgniter\Debug\Exceptions->errorHandler(2, 'require(Views/nav.php): Failed to open stream: No such file or directory', 'D:\\xampp\\htdocs\\ci4\\app\\Views\\index.php', 1)
 2 APPPATH\Views\index.php(1): require()
 3 SYSTEMPATH\View\View.php(234): include('D:\\xampp\\htdocs\\ci4\\app\\Views\\index.php')
 4 SYSTEMPATH\View\View.php(237): CodeIgniter\View\View->CodeIgniter\View\{closure}()
 5 SYSTEMPATH\Common.php(1171): CodeIgniter\View\View->render('index', [], true)
 6 APPPATH\Controllers\Pages.php(9): view('index')
 7 SYSTEMPATH\CodeIgniter.php(933): App\Controllers\Pages->index()
 8 SYSTEMPATH\CodeIgniter.php(509): CodeIgniter\CodeIgniter->runController(Object(App\Controllers\Pages))
 9 SYSTEMPATH\CodeIgniter.php(355): CodeIgniter\CodeIgniter->handleRequest(null, Object(Config\Cache), false)
10 SYSTEMPATH\Boot.php(325): CodeIgniter\CodeIgniter->run()
11 SYSTEMPATH\Boot.php(67): CodeIgniter\Boot::runCodeIgniter(Object(CodeIgniter\CodeIgniter))
12 FCPATH\index.php(56): CodeIgniter\Boot::bootWeb(Object(Config\Paths))
CRITICAL - 2026-09-10 09:16:18 --> ErrorException: require(Views/nav.php): Failed to open stream: No such file or directory
[Method: GET, Route: /]
in APPPATH\Views\index.php on line 1.
 1 APPPATH\Views\index.php(1): CodeIgniter\Debug\Exceptions->errorHandler(2, 'require(Views/nav.php): Failed to open stream: No such file or directory', 'D:\\xampp\\htdocs\\ci4\\app\\Views\\index.php', 1)
 2 APPPATH\Views\index.php(1): require()
 3 SYSTEMPATH\View\View.php(234): include('D:\\xampp\\htdocs\\ci4\\app\\Views\\index.php')
 4 SYSTEMPATH\View\View.php(237): CodeIgniter\View\View->CodeIgniter\View\{closure}()
 5 SYSTEMPATH\Common.php(1171): CodeIgniter\View\View->render('index', [], true)
 6 APPPATH\Controllers\Pages.php(9): view('index')
 7 SYSTEMPATH\CodeIgniter.php(933): App\Controllers\Pages->index()
 8 SYSTEMPATH\CodeIgniter.php(509): CodeIgniter\CodeIgniter->runController(Object(App\Controllers\Pages))
 9 SYSTEMPATH\CodeIgniter.php(355): CodeIgniter\CodeIgniter->handleRequest(null, Object(Config\Cache), false)
10 SYSTEMPATH\Boot.php(325): CodeIgniter\CodeIgniter->run()
11 SYSTEMPATH\Boot.php(67): CodeIgniter\Boot::runCodeIgniter(Object(CodeIgniter\CodeIgniter))
12 FCPATH\index.php(56): CodeIgniter\Boot::bootWeb(Object(Config\Paths))
CRITICAL - 2026-09-10 09:16:19 --> ErrorException: require(Views/nav.php): Failed to open stream: No such file or directory
[Method: GET, Route: /]
in APPPATH\Views\index.php on line 1.
 1 APPPATH\Views\index.php(1): CodeIgniter\Debug\Exceptions->errorHandler(2, 'require(Views/nav.php): Failed to open stream: No such file or directory', 'D:\\xampp\\htdocs\\ci4\\app\\Views\\index.php', 1)
 2 APPPATH\Views\index.php(1): require()
 3 SYSTEMPATH\View\View.php(234): include('D:\\xampp\\htdocs\\ci4\\app\\Views\\index.php')
 4 SYSTEMPATH\View\View.php(237): CodeIgniter\View\View->CodeIgniter\View\{closure}()
 5 SYSTEMPATH\Common.php(1171): CodeIgniter\View\View->render('index', [], true)
 6 APPPATH\Controllers\Pages.php(9): view('index')
 7 SYSTEMPATH\CodeIgniter.php(933): App\Controllers\Pages->index()
 8 SYSTEMPATH\CodeIgniter.php(509): CodeIgniter\CodeIgniter->runController(Object(App\Controllers\Pages))
 9 SYSTEMPATH\CodeIgniter.php(355): CodeIgniter\CodeIgniter->handleRequest(null, Object(Config\Cache), false)
10 SYSTEMPATH\Boot.php(325): CodeIgniter\CodeIgniter->run()
11 SYSTEMPATH\Boot.php(67): CodeIgniter\Boot::runCodeIgniter(Object(CodeIgniter\CodeIgniter))
12 FCPATH\index.php(56): CodeIgniter\Boot::bootWeb(Object(Config\Paths))
CRITICAL - 2026-09-10 09:52:33 --> ErrorException: require(Views/nav.php): Failed to open stream: No such file or directory
[Method: GET, Route: /]
in APPPATH\Views\index.php on line 12.
 1 APPPATH\Views\index.php(12): CodeIgniter\Debug\Exceptions->errorHandler(2, 'require(Views/nav.php): Failed to open stream: No such file or directory', 'D:\\xampp\\htdocs\\demo_ci4\\app\\Views\\index.php', 12)
 2 APPPATH\Views\index.php(12): require()
 3 SYSTEMPATH\View\View.php(234): include('D:\\xampp\\htdocs\\demo_ci4\\app\\Views\\index.php')
 4 SYSTEMPATH\View\View.php(237): CodeIgniter\View\View->CodeIgniter\View\{closure}()
 5 SYSTEMPATH\Common.php(1171): CodeIgniter\View\View->render('index', [], true)
 6 APPPATH\Controllers\Pages.php(9): view('index')
 7 SYSTEMPATH\CodeIgniter.php(933): App\Controllers\Pages->index()
 8 SYSTEMPATH\CodeIgniter.php(509): CodeIgniter\CodeIgniter->runController(Object(App\Controllers\Pages))
 9 SYSTEMPATH\CodeIgniter.php(355): CodeIgniter\CodeIgniter->handleRequest(null, Object(Config\Cache), false)
10 SYSTEMPATH\Boot.php(325): CodeIgniter\CodeIgniter->run()
11 SYSTEMPATH\Boot.php(67): CodeIgniter\Boot::runCodeIgniter(Object(CodeIgniter\CodeIgniter))
12 FCPATH\index.php(56): CodeIgniter\Boot::bootWeb(Object(Config\Paths))
CRITICAL - 2026-09-10 09:52:35 --> ErrorException: require(Views/nav.php): Failed to open stream: No such file or directory
[Method: GET, Route: /]
in APPPATH\Views\index.php on line 12.
 1 APPPATH\Views\index.php(12): CodeIgniter\Debug\Exceptions->errorHandler(2, 'require(Views/nav.php): Failed to open stream: No such file or directory', 'D:\\xampp\\htdocs\\demo_ci4\\app\\Views\\index.php', 12)
 2 APPPATH\Views\index.php(12): require()
 3 SYSTEMPATH\View\View.php(234): include('D:\\xampp\\htdocs\\demo_ci4\\app\\Views\\index.php')
 4 SYSTEMPATH\View\View.php(237): CodeIgniter\View\View->CodeIgniter\View\{closure}()
 5 SYSTEMPATH\Common.php(1171): CodeIgniter\View\View->render('index', [], true)
 6 APPPATH\Controllers\Pages.php(9): view('index')
 7 SYSTEMPATH\CodeIgniter.php(933): App\Controllers\Pages->index()
 8 SYSTEMPATH\CodeIgniter.php(509): CodeIgniter\CodeIgniter->runController(Object(App\Controllers\Pages))
 9 SYSTEMPATH\CodeIgniter.php(355): CodeIgniter\CodeIgniter->handleRequest(null, Object(Config\Cache), false)
10 SYSTEMPATH\Boot.php(325): CodeIgniter\CodeIgniter->run()
11 SYSTEMPATH\Boot.php(67): CodeIgniter\Boot::runCodeIgniter(Object(CodeIgniter\CodeIgniter))
12 FCPATH\index.php(56): CodeIgniter\Boot::bootWeb(Object(Config\Paths))
CRITICAL - 2026-09-10 10:08:08 --> ErrorException: require(Views/nav.php): Failed to open stream: No such file or directory
[Method: GET, Route: /]
in APPPATH\Views\index.php on line 12.
 1 APPPATH\Views\index.php(12): CodeIgniter\Debug\Exceptions->errorHandler(2, 'require(Views/nav.php): Failed to open stream: No such file or directory', 'D:\\xampp\\htdocs\\demo_ci4\\app\\Views\\index.php', 12)
 2 APPPATH\Views\index.php(12): require()
 3 SYSTEMPATH\View\View.php(234): include('D:\\xampp\\htdocs\\demo_ci4\\app\\Views\\index.php')
 4 SYSTEMPATH\View\View.php(237): CodeIgniter\View\View->CodeIgniter\View\{closure}()
 5 SYSTEMPATH\Common.php(1171): CodeIgniter\View\View->render('index', [], true)
 6 APPPATH\Controllers\Pages.php(9): view('index')
 7 SYSTEMPATH\CodeIgniter.php(933): App\Controllers\Pages->index()
 8 SYSTEMPATH\CodeIgniter.php(509): CodeIgniter\CodeIgniter->runController(Object(App\Controllers\Pages))
 9 SYSTEMPATH\CodeIgniter.php(355): CodeIgniter\CodeIgniter->handleRequest(null, Object(Config\Cache), false)
10 SYSTEMPATH\Boot.php(325): CodeIgniter\CodeIgniter->run()
11 SYSTEMPATH\Boot.php(67): CodeIgniter\Boot::runCodeIgniter(Object(CodeIgniter\CodeIgniter))
12 FCPATH\index.php(56): CodeIgniter\Boot::bootWeb(Object(Config\Paths))
CRITICAL - 2026-09-10 10:08:09 --> ErrorException: require(Views/nav.php): Failed to open stream: No such file or directory
[Method: GET, Route: /]
in APPPATH\Views\index.php on line 12.
 1 APPPATH\Views\index.php(12): CodeIgniter\Debug\Exceptions->errorHandler(2, 'require(Views/nav.php): Failed to open stream: No such file or directory', 'D:\\xampp\\htdocs\\demo_ci4\\app\\Views\\index.php', 12)
 2 APPPATH\Views\index.php(12): require()
 3 SYSTEMPATH\View\View.php(234): include('D:\\xampp\\htdocs\\demo_ci4\\app\\Views\\index.php')
 4 SYSTEMPATH\View\View.php(237): CodeIgniter\View\View->CodeIgniter\View\{closure}()
 5 SYSTEMPATH\Common.php(1171): CodeIgniter\View\View->render('index', [], true)
 6 APPPATH\Controllers\Pages.php(9): view('index')
 7 SYSTEMPATH\CodeIgniter.php(933): App\Controllers\Pages->index()
 8 SYSTEMPATH\CodeIgniter.php(509): CodeIgniter\CodeIgniter->runController(Object(App\Controllers\Pages))
 9 SYSTEMPATH\CodeIgniter.php(355): CodeIgniter\CodeIgniter->handleRequest(null, Object(Config\Cache), false)
10 SYSTEMPATH\Boot.php(325): CodeIgniter\CodeIgniter->run()
11 SYSTEMPATH\Boot.php(67): CodeIgniter\Boot::runCodeIgniter(Object(CodeIgniter\CodeIgniter))
12 FCPATH\index.php(56): CodeIgniter\Boot::bootWeb(Object(Config\Paths))
CRITICAL - 2026-09-10 10:08:11 --> ErrorException: require(Views/nav.php): Failed to open stream: No such file or directory
[Method: GET, Route: /]
in APPPATH\Views\index.php on line 12.
 1 APPPATH\Views\index.php(12): CodeIgniter\Debug\Exceptions->errorHandler(2, 'require(Views/nav.php): Failed to open stream: No such file or directory', 'D:\\xampp\\htdocs\\demo_ci4\\app\\Views\\index.php', 12)
 2 APPPATH\Views\index.php(12): require()
 3 SYSTEMPATH\View\View.php(234): include('D:\\xampp\\htdocs\\demo_ci4\\app\\Views\\index.php')
 4 SYSTEMPATH\View\View.php(237): CodeIgniter\View\View->CodeIgniter\View\{closure}()
 5 SYSTEMPATH\Common.php(1171): CodeIgniter\View\View->render('index', [], true)
 6 APPPATH\Controllers\Pages.php(9): view('index')
 7 SYSTEMPATH\CodeIgniter.php(933): App\Controllers\Pages->index()
 8 SYSTEMPATH\CodeIgniter.php(509): CodeIgniter\CodeIgniter->runController(Object(App\Controllers\Pages))
 9 SYSTEMPATH\CodeIgniter.php(355): CodeIgniter\CodeIgniter->handleRequest(null, Object(Config\Cache), false)
10 SYSTEMPATH\Boot.php(325): CodeIgniter\CodeIgniter->run()
11 SYSTEMPATH\Boot.php(67): CodeIgniter\Boot::runCodeIgniter(Object(CodeIgniter\CodeIgniter))
12 FCPATH\index.php(56): CodeIgniter\Boot::bootWeb(Object(Config\Paths))
CRITICAL - 2026-09-10 10:11:35 --> ErrorException: require(Views/nav.php): Failed to open stream: No such file or directory
[Method: GET, Route: /]
in APPPATH\Views\index.php on line 12.
 1 APPPATH\Views\index.php(12): CodeIgniter\Debug\Exceptions->errorHandler(2, 'require(Views/nav.php): Failed to open stream: No such file or directory', 'D:\\xampp\\htdocs\\demo_ci4\\app\\Views\\index.php', 12)
 2 APPPATH\Views\index.php(12): require()
 3 SYSTEMPATH\View\View.php(234): include('D:\\xampp\\htdocs\\demo_ci4\\app\\Views\\index.php')
 4 SYSTEMPATH\View\View.php(237): CodeIgniter\View\View->CodeIgniter\View\{closure}()
 5 SYSTEMPATH\Common.php(1171): CodeIgniter\View\View->render('index', [], true)
 6 APPPATH\Controllers\Pages.php(9): view('index')
 7 SYSTEMPATH\CodeIgniter.php(933): App\Controllers\Pages->index()
 8 SYSTEMPATH\CodeIgniter.php(509): CodeIgniter\CodeIgniter->runController(Object(App\Controllers\Pages))
 9 SYSTEMPATH\CodeIgniter.php(355): CodeIgniter\CodeIgniter->handleRequest(null, Object(Config\Cache), false)
10 SYSTEMPATH\Boot.php(325): CodeIgniter\CodeIgniter->run()
11 SYSTEMPATH\Boot.php(67): CodeIgniter\Boot::runCodeIgniter(Object(CodeIgniter\CodeIgniter))
12 FCPATH\index.php(56): CodeIgniter\Boot::bootWeb(Object(Config\Paths))
CRITICAL - 2026-09-10 10:11:49 --> ErrorException: require(Views/nav.php): Failed to open stream: No such file or directory
[Method: GET, Route: /]
in APPPATH\Views\index.php on line 12.
 1 APPPATH\Views\index.php(12): CodeIgniter\Debug\Exceptions->errorHandler(2, 'require(Views/nav.php): Failed to open stream: No such file or directory', 'D:\\xampp\\htdocs\\demo_ci4\\app\\Views\\index.php', 12)
 2 APPPATH\Views\index.php(12): require()
 3 SYSTEMPATH\View\View.php(234): include('D:\\xampp\\htdocs\\demo_ci4\\app\\Views\\index.php')
 4 SYSTEMPATH\View\View.php(237): CodeIgniter\View\View->CodeIgniter\View\{closure}()
 5 SYSTEMPATH\Common.php(1171): CodeIgniter\View\View->render('index', [], true)
 6 APPPATH\Controllers\Pages.php(9): view('index')
 7 SYSTEMPATH\CodeIgniter.php(933): App\Controllers\Pages->index()
 8 SYSTEMPATH\CodeIgniter.php(509): CodeIgniter\CodeIgniter->runController(Object(App\Controllers\Pages))
 9 SYSTEMPATH\CodeIgniter.php(355): CodeIgniter\CodeIgniter->handleRequest(null, Object(Config\Cache), false)
10 SYSTEMPATH\Boot.php(325): CodeIgniter\CodeIgniter->run()
11 SYSTEMPATH\Boot.php(67): CodeIgniter\Boot::runCodeIgniter(Object(CodeIgniter\CodeIgniter))
12 FCPATH\index.php(56): CodeIgniter\Boot::bootWeb(Object(Config\Paths))
CRITICAL - 2026-09-10 10:18:19 --> ErrorException: require(Views/nav.php): Failed to open stream: No such file or directory
[Method: GET, Route: /]
in APPPATH\Views\index.php on line 12.
 1 APPPATH\Views\index.php(12): CodeIgniter\Debug\Exceptions->errorHandler(2, 'require(Views/nav.php): Failed to open stream: No such file or directory', 'D:\\xampp\\htdocs\\demo_ci4\\app\\Views\\index.php', 12)
 2 APPPATH\Views\index.php(12): require()
 3 SYSTEMPATH\View\View.php(234): include('D:\\xampp\\htdocs\\demo_ci4\\app\\Views\\index.php')
 4 SYSTEMPATH\View\View.php(237): CodeIgniter\View\View->CodeIgniter\View\{closure}()
 5 SYSTEMPATH\Common.php(1171): CodeIgniter\View\View->render('index', [], true)
 6 APPPATH\Controllers\Pages.php(9): view('index')
 7 SYSTEMPATH\CodeIgniter.php(933): App\Controllers\Pages->index()
 8 SYSTEMPATH\CodeIgniter.php(509): CodeIgniter\CodeIgniter->runController(Object(App\Controllers\Pages))
 9 SYSTEMPATH\CodeIgniter.php(355): CodeIgniter\CodeIgniter->handleRequest(null, Object(Config\Cache), false)
10 SYSTEMPATH\Boot.php(325): CodeIgniter\CodeIgniter->run()
11 SYSTEMPATH\Boot.php(67): CodeIgniter\Boot::runCodeIgniter(Object(CodeIgniter\CodeIgniter))
12 FCPATH\index.php(56): CodeIgniter\Boot::bootWeb(Object(Config\Paths))
CRITICAL - 2026-09-10 10:18:31 --> ErrorException: require(Views/nav.php): Failed to open stream: No such file or directory
[Method: GET, Route: /]
in APPPATH\Views\index.php on line 12.
 1 APPPATH\Views\index.php(12): CodeIgniter\Debug\Exceptions->errorHandler(2, 'require(Views/nav.php): Failed to open stream: No such file or directory', 'D:\\xampp\\htdocs\\demo_ci4\\app\\Views\\index.php', 12)
 2 APPPATH\Views\index.php(12): require()
 3 SYSTEMPATH\View\View.php(234): include('D:\\xampp\\htdocs\\demo_ci4\\app\\Views\\index.php')
 4 SYSTEMPATH\View\View.php(237): CodeIgniter\View\View->CodeIgniter\View\{closure}()
 5 SYSTEMPATH\Common.php(1171): CodeIgniter\View\View->render('index', [], true)
 6 APPPATH\Controllers\Pages.php(9): view('index')
 7 SYSTEMPATH\CodeIgniter.php(933): App\Controllers\Pages->index()
 8 SYSTEMPATH\CodeIgniter.php(509): CodeIgniter\CodeIgniter->runController(Object(App\Controllers\Pages))
 9 SYSTEMPATH\CodeIgniter.php(355): CodeIgniter\CodeIgniter->handleRequest(null, Object(Config\Cache), false)
10 SYSTEMPATH\Boot.php(325): CodeIgniter\CodeIgniter->run()
11 SYSTEMPATH\Boot.php(67): CodeIgniter\Boot::runCodeIgniter(Object(CodeIgniter\CodeIgniter))
12 FCPATH\index.php(56): CodeIgniter\Boot::bootWeb(Object(Config\Paths))
CRITICAL - 2026-09-10 10:18:34 --> ErrorException: require(Views/nav.php): Failed to open stream: No such file or directory
[Method: GET, Route: /]
in APPPATH\Views\index.php on line 12.
 1 APPPATH\Views\index.php(12): CodeIgniter\Debug\Exceptions->errorHandler(2, 'require(Views/nav.php): Failed to open stream: No such file or directory', 'D:\\xampp\\htdocs\\demo_ci4\\app\\Views\\index.php', 12)
 2 APPPATH\Views\index.php(12): require()
 3 SYSTEMPATH\View\View.php(234): include('D:\\xampp\\htdocs\\demo_ci4\\app\\Views\\index.php')
 4 SYSTEMPATH\View\View.php(237): CodeIgniter\View\View->CodeIgniter\View\{closure}()
 5 SYSTEMPATH\Common.php(1171): CodeIgniter\View\View->render('index', [], true)
 6 APPPATH\Controllers\Pages.php(9): view('index')
 7 SYSTEMPATH\CodeIgniter.php(933): App\Controllers\Pages->index()
 8 SYSTEMPATH\CodeIgniter.php(509): CodeIgniter\CodeIgniter->runController(Object(App\Controllers\Pages))
 9 SYSTEMPATH\CodeIgniter.php(355): CodeIgniter\CodeIgniter->handleRequest(null, Object(Config\Cache), false)
10 SYSTEMPATH\Boot.php(325): CodeIgniter\CodeIgniter->run()
11 SYSTEMPATH\Boot.php(67): CodeIgniter\Boot::runCodeIgniter(Object(CodeIgniter\CodeIgniter))
12 FCPATH\index.php(56): CodeIgniter\Boot::bootWeb(Object(Config\Paths))
CRITICAL - 2026-09-10 10:18:44 --> ErrorException: require(Views/nav.php): Failed to open stream: No such file or directory
[Method: GET, Route: /]
in APPPATH\Views\index.php on line 12.
 1 APPPATH\Views\index.php(12): CodeIgniter\Debug\Exceptions->errorHandler(2, 'require(Views/nav.php): Failed to open stream: No such file or directory', 'D:\\xampp\\htdocs\\demo_ci4\\app\\Views\\index.php', 12)
 2 APPPATH\Views\index.php(12): require()
 3 SYSTEMPATH\View\View.php(234): include('D:\\xampp\\htdocs\\demo_ci4\\app\\Views\\index.php')
 4 SYSTEMPATH\View\View.php(237): CodeIgniter\View\View->CodeIgniter\View\{closure}()
 5 SYSTEMPATH\Common.php(1171): CodeIgniter\View\View->render('index', [], true)
 6 APPPATH\Controllers\Pages.php(9): view('index')
 7 SYSTEMPATH\CodeIgniter.php(933): App\Controllers\Pages->index()
 8 SYSTEMPATH\CodeIgniter.php(509): CodeIgniter\CodeIgniter->runController(Object(App\Controllers\Pages))
 9 SYSTEMPATH\CodeIgniter.php(355): CodeIgniter\CodeIgniter->handleRequest(null, Object(Config\Cache), false)
10 SYSTEMPATH\Boot.php(325): CodeIgniter\CodeIgniter->run()
11 SYSTEMPATH\Boot.php(67): CodeIgniter\Boot::runCodeIgniter(Object(CodeIgniter\CodeIgniter))
12 FCPATH\index.php(56): CodeIgniter\Boot::bootWeb(Object(Config\Paths))
CRITICAL - 2026-09-10 10:20:33 --> ErrorException: require(Views/nav.php): Failed to open stream: No such file or directory
[Method: GET, Route: /]
in APPPATH\Views\index.php on line 12.
 1 APPPATH\Views\index.php(12): CodeIgniter\Debug\Exceptions->errorHandler(2, 'require(Views/nav.php): Failed to open stream: No such file or directory', 'D:\\xampp\\htdocs\\demo_ci4\\app\\Views\\index.php', 12)
 2 APPPATH\Views\index.php(12): require()
 3 SYSTEMPATH\View\View.php(234): include('D:\\xampp\\htdocs\\demo_ci4\\app\\Views\\index.php')
 4 SYSTEMPATH\View\View.php(237): CodeIgniter\View\View->CodeIgniter\View\{closure}()
 5 SYSTEMPATH\Common.php(1171): CodeIgniter\View\View->render('index', [], true)
 6 APPPATH\Controllers\Pages.php(9): view('index')
 7 SYSTEMPATH\CodeIgniter.php(933): App\Controllers\Pages->index()
 8 SYSTEMPATH\CodeIgniter.php(509): CodeIgniter\CodeIgniter->runController(Object(App\Controllers\Pages))
 9 SYSTEMPATH\CodeIgniter.php(355): CodeIgniter\CodeIgniter->handleRequest(null, Object(Config\Cache), false)
10 SYSTEMPATH\Boot.php(325): CodeIgniter\CodeIgniter->run()
11 SYSTEMPATH\Boot.php(67): CodeIgniter\Boot::runCodeIgniter(Object(CodeIgniter\CodeIgniter))
12 FCPATH\index.php(56): CodeIgniter\Boot::bootWeb(Object(Config\Paths))
CRITICAL - 2026-09-10 10:20:34 --> ErrorException: require(Views/nav.php): Failed to open stream: No such file or directory
[Method: GET, Route: /]
in APPPATH\Views\index.php on line 12.
 1 APPPATH\Views\index.php(12): CodeIgniter\Debug\Exceptions->errorHandler(2, 'require(Views/nav.php): Failed to open stream: No such file or directory', 'D:\\xampp\\htdocs\\demo_ci4\\app\\Views\\index.php', 12)
 2 APPPATH\Views\index.php(12): require()
 3 SYSTEMPATH\View\View.php(234): include('D:\\xampp\\htdocs\\demo_ci4\\app\\Views\\index.php')
 4 SYSTEMPATH\View\View.php(237): CodeIgniter\View\View->CodeIgniter\View\{closure}()
 5 SYSTEMPATH\Common.php(1171): CodeIgniter\View\View->render('index', [], true)
 6 APPPATH\Controllers\Pages.php(9): view('index')
 7 SYSTEMPATH\CodeIgniter.php(933): App\Controllers\Pages->index()
 8 SYSTEMPATH\CodeIgniter.php(509): CodeIgniter\CodeIgniter->runController(Object(App\Controllers\Pages))
 9 SYSTEMPATH\CodeIgniter.php(355): CodeIgniter\CodeIgniter->handleRequest(null, Object(Config\Cache), false)
10 SYSTEMPATH\Boot.php(325): CodeIgniter\CodeIgniter->run()
11 SYSTEMPATH\Boot.php(67): CodeIgniter\Boot::runCodeIgniter(Object(CodeIgniter\CodeIgniter))
12 FCPATH\index.php(56): CodeIgniter\Boot::bootWeb(Object(Config\Paths))
CRITICAL - 2026-09-10 10:20:34 --> ErrorException: require(Views/nav.php): Failed to open stream: No such file or directory
[Method: GET, Route: /]
in APPPATH\Views\index.php on line 12.
 1 APPPATH\Views\index.php(12): CodeIgniter\Debug\Exceptions->errorHandler(2, 'require(Views/nav.php): Failed to open stream: No such file or directory', 'D:\\xampp\\htdocs\\demo_ci4\\app\\Views\\index.php', 12)
 2 APPPATH\Views\index.php(12): require()
 3 SYSTEMPATH\View\View.php(234): include('D:\\xampp\\htdocs\\demo_ci4\\app\\Views\\index.php')
 4 SYSTEMPATH\View\View.php(237): CodeIgniter\View\View->CodeIgniter\View\{closure}()
 5 SYSTEMPATH\Common.php(1171): CodeIgniter\View\View->render('index', [], true)
 6 APPPATH\Controllers\Pages.php(9): view('index')
 7 SYSTEMPATH\CodeIgniter.php(933): App\Controllers\Pages->index()
 8 SYSTEMPATH\CodeIgniter.php(509): CodeIgniter\CodeIgniter->runController(Object(App\Controllers\Pages))
 9 SYSTEMPATH\CodeIgniter.php(355): CodeIgniter\CodeIgniter->handleRequest(null, Object(Config\Cache), false)
10 SYSTEMPATH\Boot.php(325): CodeIgniter\CodeIgniter->run()
11 SYSTEMPATH\Boot.php(67): CodeIgniter\Boot::runCodeIgniter(Object(CodeIgniter\CodeIgniter))
12 FCPATH\index.php(56): CodeIgniter\Boot::bootWeb(Object(Config\Paths))
CRITICAL - 2026-09-10 10:20:34 --> ErrorException: require(Views/nav.php): Failed to open stream: No such file or directory
[Method: GET, Route: /]
in APPPATH\Views\index.php on line 12.
 1 APPPATH\Views\index.php(12): CodeIgniter\Debug\Exceptions->errorHandler(2, 'require(Views/nav.php): Failed to open stream: No such file or directory', 'D:\\xampp\\htdocs\\demo_ci4\\app\\Views\\index.php', 12)
 2 APPPATH\Views\index.php(12): require()
 3 SYSTEMPATH\View\View.php(234): include('D:\\xampp\\htdocs\\demo_ci4\\app\\Views\\index.php')
 4 SYSTEMPATH\View\View.php(237): CodeIgniter\View\View->CodeIgniter\View\{closure}()
 5 SYSTEMPATH\Common.php(1171): CodeIgniter\View\View->render('index', [], true)
 6 APPPATH\Controllers\Pages.php(9): view('index')
 7 SYSTEMPATH\CodeIgniter.php(933): App\Controllers\Pages->index()
 8 SYSTEMPATH\CodeIgniter.php(509): CodeIgniter\CodeIgniter->runController(Object(App\Controllers\Pages))
 9 SYSTEMPATH\CodeIgniter.php(355): CodeIgniter\CodeIgniter->handleRequest(null, Object(Config\Cache), false)
10 SYSTEMPATH\Boot.php(325): CodeIgniter\CodeIgniter->run()
11 SYSTEMPATH\Boot.php(67): CodeIgniter\Boot::runCodeIgniter(Object(CodeIgniter\CodeIgniter))
12 FCPATH\index.php(56): CodeIgniter\Boot::bootWeb(Object(Config\Paths))
CRITICAL - 2026-09-10 10:20:34 --> ErrorException: require(Views/nav.php): Failed to open stream: No such file or directory
[Method: GET, Route: /]
in APPPATH\Views\index.php on line 12.
 1 APPPATH\Views\index.php(12): CodeIgniter\Debug\Exceptions->errorHandler(2, 'require(Views/nav.php): Failed to open stream: No such file or directory', 'D:\\xampp\\htdocs\\demo_ci4\\app\\Views\\index.php', 12)
 2 APPPATH\Views\index.php(12): require()
 3 SYSTEMPATH\View\View.php(234): include('D:\\xampp\\htdocs\\demo_ci4\\app\\Views\\index.php')
 4 SYSTEMPATH\View\View.php(237): CodeIgniter\View\View->CodeIgniter\View\{closure}()
 5 SYSTEMPATH\Common.php(1171): CodeIgniter\View\View->render('index', [], true)
 6 APPPATH\Controllers\Pages.php(9): view('index')
 7 SYSTEMPATH\CodeIgniter.php(933): App\Controllers\Pages->index()
 8 SYSTEMPATH\CodeIgniter.php(509): CodeIgniter\CodeIgniter->runController(Object(App\Controllers\Pages))
 9 SYSTEMPATH\CodeIgniter.php(355): CodeIgniter\CodeIgniter->handleRequest(null, Object(Config\Cache), false)
10 SYSTEMPATH\Boot.php(325): CodeIgniter\CodeIgniter->run()
11 SYSTEMPATH\Boot.php(67): CodeIgniter\Boot::runCodeIgniter(Object(CodeIgniter\CodeIgniter))
12 FCPATH\index.php(56): CodeIgniter\Boot::bootWeb(Object(Config\Paths))
CRITICAL - 2026-09-10 10:20:34 --> ErrorException: require(Views/nav.php): Failed to open stream: No such file or directory
[Method: GET, Route: /]
in APPPATH\Views\index.php on line 12.
 1 APPPATH\Views\index.php(12): CodeIgniter\Debug\Exceptions->errorHandler(2, 'require(Views/nav.php): Failed to open stream: No such file or directory', 'D:\\xampp\\htdocs\\demo_ci4\\app\\Views\\index.php', 12)
 2 APPPATH\Views\index.php(12): require()
 3 SYSTEMPATH\View\View.php(234): include('D:\\xampp\\htdocs\\demo_ci4\\app\\Views\\index.php')
 4 SYSTEMPATH\View\View.php(237): CodeIgniter\View\View->CodeIgniter\View\{closure}()
 5 SYSTEMPATH\Common.php(1171): CodeIgniter\View\View->render('index', [], true)
 6 APPPATH\Controllers\Pages.php(9): view('index')
 7 SYSTEMPATH\CodeIgniter.php(933): App\Controllers\Pages->index()
 8 SYSTEMPATH\CodeIgniter.php(509): CodeIgniter\CodeIgniter->runController(Object(App\Controllers\Pages))
 9 SYSTEMPATH\CodeIgniter.php(355): CodeIgniter\CodeIgniter->handleRequest(null, Object(Config\Cache), false)
10 SYSTEMPATH\Boot.php(325): CodeIgniter\CodeIgniter->run()
11 SYSTEMPATH\Boot.php(67): CodeIgniter\Boot::runCodeIgniter(Object(CodeIgniter\CodeIgniter))
12 FCPATH\index.php(56): CodeIgniter\Boot::bootWeb(Object(Config\Paths))
CRITICAL - 2026-09-10 10:20:39 --> ErrorException: require(Views/nav.php): Failed to open stream: No such file or directory
[Method: GET, Route: /]
in APPPATH\Views\index.php on line 12.
 1 APPPATH\Views\index.php(12): CodeIgniter\Debug\Exceptions->errorHandler(2, 'require(Views/nav.php): Failed to open stream: No such file or directory', 'D:\\xampp\\htdocs\\demo_ci4\\app\\Views\\index.php', 12)
 2 APPPATH\Views\index.php(12): require()
 3 SYSTEMPATH\View\View.php(234): include('D:\\xampp\\htdocs\\demo_ci4\\app\\Views\\index.php')
 4 SYSTEMPATH\View\View.php(237): CodeIgniter\View\View->CodeIgniter\View\{closure}()
 5 SYSTEMPATH\Common.php(1171): CodeIgniter\View\View->render('index', [], true)
 6 APPPATH\Controllers\Pages.php(9): view('index')
 7 SYSTEMPATH\CodeIgniter.php(933): App\Controllers\Pages->index()
 8 SYSTEMPATH\CodeIgniter.php(509): CodeIgniter\CodeIgniter->runController(Object(App\Controllers\Pages))
 9 SYSTEMPATH\CodeIgniter.php(355): CodeIgniter\CodeIgniter->handleRequest(null, Object(Config\Cache), false)
10 SYSTEMPATH\Boot.php(325): CodeIgniter\CodeIgniter->run()
11 SYSTEMPATH\Boot.php(67): CodeIgniter\Boot::runCodeIgniter(Object(CodeIgniter\CodeIgniter))
12 FCPATH\index.php(56): CodeIgniter\Boot::bootWeb(Object(Config\Paths))
CRITICAL - 2026-09-10 10:20:39 --> ErrorException: require(Views/nav.php): Failed to open stream: No such file or directory
[Method: GET, Route: /]
in APPPATH\Views\index.php on line 12.
 1 APPPATH\Views\index.php(12): CodeIgniter\Debug\Exceptions->errorHandler(2, 'require(Views/nav.php): Failed to open stream: No such file or directory', 'D:\\xampp\\htdocs\\demo_ci4\\app\\Views\\index.php', 12)
 2 APPPATH\Views\index.php(12): require()
 3 SYSTEMPATH\View\View.php(234): include('D:\\xampp\\htdocs\\demo_ci4\\app\\Views\\index.php')
 4 SYSTEMPATH\View\View.php(237): CodeIgniter\View\View->CodeIgniter\View\{closure}()
 5 SYSTEMPATH\Common.php(1171): CodeIgniter\View\View->render('index', [], true)
 6 APPPATH\Controllers\Pages.php(9): view('index')
 7 SYSTEMPATH\CodeIgniter.php(933): App\Controllers\Pages->index()
 8 SYSTEMPATH\CodeIgniter.php(509): CodeIgniter\CodeIgniter->runController(Object(App\Controllers\Pages))
 9 SYSTEMPATH\CodeIgniter.php(355): CodeIgniter\CodeIgniter->handleRequest(null, Object(Config\Cache), false)
10 SYSTEMPATH\Boot.php(325): CodeIgniter\CodeIgniter->run()
11 SYSTEMPATH\Boot.php(67): CodeIgniter\Boot::runCodeIgniter(Object(CodeIgniter\CodeIgniter))
12 FCPATH\index.php(56): CodeIgniter\Boot::bootWeb(Object(Config\Paths))
CRITICAL - 2026-09-10 10:20:39 --> ErrorException: require(Views/nav.php): Failed to open stream: No such file or directory
[Method: GET, Route: /]
in APPPATH\Views\index.php on line 12.
 1 APPPATH\Views\index.php(12): CodeIgniter\Debug\Exceptions->errorHandler(2, 'require(Views/nav.php): Failed to open stream: No such file or directory', 'D:\\xampp\\htdocs\\demo_ci4\\app\\Views\\index.php', 12)
 2 APPPATH\Views\index.php(12): require()
 3 SYSTEMPATH\View\View.php(234): include('D:\\xampp\\htdocs\\demo_ci4\\app\\Views\\index.php')
 4 SYSTEMPATH\View\View.php(237): CodeIgniter\View\View->CodeIgniter\View\{closure}()
 5 SYSTEMPATH\Common.php(1171): CodeIgniter\View\View->render('index', [], true)
 6 APPPATH\Controllers\Pages.php(9): view('index')
 7 SYSTEMPATH\CodeIgniter.php(933): App\Controllers\Pages->index()
 8 SYSTEMPATH\CodeIgniter.php(509): CodeIgniter\CodeIgniter->runController(Object(App\Controllers\Pages))
 9 SYSTEMPATH\CodeIgniter.php(355): CodeIgniter\CodeIgniter->handleRequest(null, Object(Config\Cache), false)
10 SYSTEMPATH\Boot.php(325): CodeIgniter\CodeIgniter->run()
11 SYSTEMPATH\Boot.php(67): CodeIgniter\Boot::runCodeIgniter(Object(CodeIgniter\CodeIgniter))
12 FCPATH\index.php(56): CodeIgniter\Boot::bootWeb(Object(Config\Paths))
CRITICAL - 2026-09-10 10:20:39 --> ErrorException: require(Views/nav.php): Failed to open stream: No such file or directory
[Method: GET, Route: /]
in APPPATH\Views\index.php on line 12.
 1 APPPATH\Views\index.php(12): CodeIgniter\Debug\Exceptions->errorHandler(2, 'require(Views/nav.php): Failed to open stream: No such file or directory', 'D:\\xampp\\htdocs\\demo_ci4\\app\\Views\\index.php', 12)
 2 APPPATH\Views\index.php(12): require()
 3 SYSTEMPATH\View\View.php(234): include('D:\\xampp\\htdocs\\demo_ci4\\app\\Views\\index.php')
 4 SYSTEMPATH\View\View.php(237): CodeIgniter\View\View->CodeIgniter\View\{closure}()
 5 SYSTEMPATH\Common.php(1171): CodeIgniter\View\View->render('index', [], true)
 6 APPPATH\Controllers\Pages.php(9): view('index')
 7 SYSTEMPATH\CodeIgniter.php(933): App\Controllers\Pages->index()
 8 SYSTEMPATH\CodeIgniter.php(509): CodeIgniter\CodeIgniter->runController(Object(App\Controllers\Pages))
 9 SYSTEMPATH\CodeIgniter.php(355): CodeIgniter\CodeIgniter->handleRequest(null, Object(Config\Cache), false)
10 SYSTEMPATH\Boot.php(325): CodeIgniter\CodeIgniter->run()
11 SYSTEMPATH\Boot.php(67): CodeIgniter\Boot::runCodeIgniter(Object(CodeIgniter\CodeIgniter))
12 FCPATH\index.php(56): CodeIgniter\Boot::bootWeb(Object(Config\Paths))
CRITICAL - 2026-09-10 10:20:39 --> ErrorException: require(Views/nav.php): Failed to open stream: No such file or directory
[Method: GET, Route: /]
in APPPATH\Views\index.php on line 12.
 1 APPPATH\Views\index.php(12): CodeIgniter\Debug\Exceptions->errorHandler(2, 'require(Views/nav.php): Failed to open stream: No such file or directory', 'D:\\xampp\\htdocs\\demo_ci4\\app\\Views\\index.php', 12)
 2 APPPATH\Views\index.php(12): require()
 3 SYSTEMPATH\View\View.php(234): include('D:\\xampp\\htdocs\\demo_ci4\\app\\Views\\index.php')
 4 SYSTEMPATH\View\View.php(237): CodeIgniter\View\View->CodeIgniter\View\{closure}()
 5 SYSTEMPATH\Common.php(1171): CodeIgniter\View\View->render('index', [], true)
 6 APPPATH\Controllers\Pages.php(9): view('index')
 7 SYSTEMPATH\CodeIgniter.php(933): App\Controllers\Pages->index()
 8 SYSTEMPATH\CodeIgniter.php(509): CodeIgniter\CodeIgniter->runController(Object(App\Controllers\Pages))
 9 SYSTEMPATH\CodeIgniter.php(355): CodeIgniter\CodeIgniter->handleRequest(null, Object(Config\Cache), false)
10 SYSTEMPATH\Boot.php(325): CodeIgniter\CodeIgniter->run()
11 SYSTEMPATH\Boot.php(67): CodeIgniter\Boot::runCodeIgniter(Object(CodeIgniter\CodeIgniter))
12 FCPATH\index.php(56): CodeIgniter\Boot::bootWeb(Object(Config\Paths))
CRITICAL - 2026-09-10 10:20:40 --> ErrorException: require(Views/nav.php): Failed to open stream: No such file or directory
[Method: GET, Route: /]
in APPPATH\Views\index.php on line 12.
 1 APPPATH\Views\index.php(12): CodeIgniter\Debug\Exceptions->errorHandler(2, 'require(Views/nav.php): Failed to open stream: No such file or directory', 'D:\\xampp\\htdocs\\demo_ci4\\app\\Views\\index.php', 12)
 2 APPPATH\Views\index.php(12): require()
 3 SYSTEMPATH\View\View.php(234): include('D:\\xampp\\htdocs\\demo_ci4\\app\\Views\\index.php')
 4 SYSTEMPATH\View\View.php(237): CodeIgniter\View\View->CodeIgniter\View\{closure}()
 5 SYSTEMPATH\Common.php(1171): CodeIgniter\View\View->render('index', [], true)
 6 APPPATH\Controllers\Pages.php(9): view('index')
 7 SYSTEMPATH\CodeIgniter.php(933): App\Controllers\Pages->index()
 8 SYSTEMPATH\CodeIgniter.php(509): CodeIgniter\CodeIgniter->runController(Object(App\Controllers\Pages))
 9 SYSTEMPATH\CodeIgniter.php(355): CodeIgniter\CodeIgniter->handleRequest(null, Object(Config\Cache), false)
10 SYSTEMPATH\Boot.php(325): CodeIgniter\CodeIgniter->run()
11 SYSTEMPATH\Boot.php(67): CodeIgniter\Boot::runCodeIgniter(Object(CodeIgniter\CodeIgniter))
12 FCPATH\index.php(56): CodeIgniter\Boot::bootWeb(Object(Config\Paths))
CRITICAL - 2026-09-10 10:20:40 --> ErrorException: require(Views/nav.php): Failed to open stream: No such file or directory
[Method: GET, Route: /]
in APPPATH\Views\index.php on line 12.
 1 APPPATH\Views\index.php(12): CodeIgniter\Debug\Exceptions->errorHandler(2, 'require(Views/nav.php): Failed to open stream: No such file or directory', 'D:\\xampp\\htdocs\\demo_ci4\\app\\Views\\index.php', 12)
 2 APPPATH\Views\index.php(12): require()
 3 SYSTEMPATH\View\View.php(234): include('D:\\xampp\\htdocs\\demo_ci4\\app\\Views\\index.php')
 4 SYSTEMPATH\View\View.php(237): CodeIgniter\View\View->CodeIgniter\View\{closure}()
 5 SYSTEMPATH\Common.php(1171): CodeIgniter\View\View->render('index', [], true)
 6 APPPATH\Controllers\Pages.php(9): view('index')
 7 SYSTEMPATH\CodeIgniter.php(933): App\Controllers\Pages->index()
 8 SYSTEMPATH\CodeIgniter.php(509): CodeIgniter\CodeIgniter->runController(Object(App\Controllers\Pages))
 9 SYSTEMPATH\CodeIgniter.php(355): CodeIgniter\CodeIgniter->handleRequest(null, Object(Config\Cache), false)
10 SYSTEMPATH\Boot.php(325): CodeIgniter\CodeIgniter->run()
11 SYSTEMPATH\Boot.php(67): CodeIgniter\Boot::runCodeIgniter(Object(CodeIgniter\CodeIgniter))
12 FCPATH\index.php(56): CodeIgniter\Boot::bootWeb(Object(Config\Paths))
CRITICAL - 2026-09-10 10:20:40 --> ErrorException: require(Views/nav.php): Failed to open stream: No such file or directory
[Method: GET, Route: /]
in APPPATH\Views\index.php on line 12.
 1 APPPATH\Views\index.php(12): CodeIgniter\Debug\Exceptions->errorHandler(2, 'require(Views/nav.php): Failed to open stream: No such file or directory', 'D:\\xampp\\htdocs\\demo_ci4\\app\\Views\\index.php', 12)
 2 APPPATH\Views\index.php(12): require()
 3 SYSTEMPATH\View\View.php(234): include('D:\\xampp\\htdocs\\demo_ci4\\app\\Views\\index.php')
 4 SYSTEMPATH\View\View.php(237): CodeIgniter\View\View->CodeIgniter\View\{closure}()
 5 SYSTEMPATH\Common.php(1171): CodeIgniter\View\View->render('index', [], true)
 6 APPPATH\Controllers\Pages.php(9): view('index')
 7 SYSTEMPATH\CodeIgniter.php(933): App\Controllers\Pages->index()
 8 SYSTEMPATH\CodeIgniter.php(509): CodeIgniter\CodeIgniter->runController(Object(App\Controllers\Pages))
 9 SYSTEMPATH\CodeIgniter.php(355): CodeIgniter\CodeIgniter->handleRequest(null, Object(Config\Cache), false)
10 SYSTEMPATH\Boot.php(325): CodeIgniter\CodeIgniter->run()
11 SYSTEMPATH\Boot.php(67): CodeIgniter\Boot::runCodeIgniter(Object(CodeIgniter\CodeIgniter))
12 FCPATH\index.php(56): CodeIgniter\Boot::bootWeb(Object(Config\Paths))
CRITICAL - 2026-09-10 10:20:40 --> ErrorException: require(Views/nav.php): Failed to open stream: No such file or directory
[Method: GET, Route: /]
in APPPATH\Views\index.php on line 12.
 1 APPPATH\Views\index.php(12): CodeIgniter\Debug\Exceptions->errorHandler(2, 'require(Views/nav.php): Failed to open stream: No such file or directory', 'D:\\xampp\\htdocs\\demo_ci4\\app\\Views\\index.php', 12)
 2 APPPATH\Views\index.php(12): require()
 3 SYSTEMPATH\View\View.php(234): include('D:\\xampp\\htdocs\\demo_ci4\\app\\Views\\index.php')
 4 SYSTEMPATH\View\View.php(237): CodeIgniter\View\View->CodeIgniter\View\{closure}()
 5 SYSTEMPATH\Common.php(1171): CodeIgniter\View\View->render('index', [], true)
 6 APPPATH\Controllers\Pages.php(9): view('index')
 7 SYSTEMPATH\CodeIgniter.php(933): App\Controllers\Pages->index()
 8 SYSTEMPATH\CodeIgniter.php(509): CodeIgniter\CodeIgniter->runController(Object(App\Controllers\Pages))
 9 SYSTEMPATH\CodeIgniter.php(355): CodeIgniter\CodeIgniter->handleRequest(null, Object(Config\Cache), false)
10 SYSTEMPATH\Boot.php(325): CodeIgniter\CodeIgniter->run()
11 SYSTEMPATH\Boot.php(67): CodeIgniter\Boot::runCodeIgniter(Object(CodeIgniter\CodeIgniter))
12 FCPATH\index.php(56): CodeIgniter\Boot::bootWeb(Object(Config\Paths))
CRITICAL - 2026-09-10 10:20:40 --> ErrorException: require(Views/nav.php): Failed to open stream: No such file or directory
[Method: GET, Route: /]
in APPPATH\Views\index.php on line 12.
 1 APPPATH\Views\index.php(12): CodeIgniter\Debug\Exceptions->errorHandler(2, 'require(Views/nav.php): Failed to open stream: No such file or directory', 'D:\\xampp\\htdocs\\demo_ci4\\app\\Views\\index.php', 12)
 2 APPPATH\Views\index.php(12): require()
 3 SYSTEMPATH\View\View.php(234): include('D:\\xampp\\htdocs\\demo_ci4\\app\\Views\\index.php')
 4 SYSTEMPATH\View\View.php(237): CodeIgniter\View\View->CodeIgniter\View\{closure}()
 5 SYSTEMPATH\Common.php(1171): CodeIgniter\View\View->render('index', [], true)
 6 APPPATH\Controllers\Pages.php(9): view('index')
 7 SYSTEMPATH\CodeIgniter.php(933): App\Controllers\Pages->index()
 8 SYSTEMPATH\CodeIgniter.php(509): CodeIgniter\CodeIgniter->runController(Object(App\Controllers\Pages))
 9 SYSTEMPATH\CodeIgniter.php(355): CodeIgniter\CodeIgniter->handleRequest(null, Object(Config\Cache), false)
10 SYSTEMPATH\Boot.php(325): CodeIgniter\CodeIgniter->run()
11 SYSTEMPATH\Boot.php(67): CodeIgniter\Boot::runCodeIgniter(Object(CodeIgniter\CodeIgniter))
12 FCPATH\index.php(56): CodeIgniter\Boot::bootWeb(Object(Config\Paths))
CRITICAL - 2026-09-10 10:20:40 --> ErrorException: require(Views/nav.php): Failed to open stream: No such file or directory
[Method: GET, Route: /]
in APPPATH\Views\index.php on line 12.
 1 APPPATH\Views\index.php(12): CodeIgniter\Debug\Exceptions->errorHandler(2, 'require(Views/nav.php): Failed to open stream: No such file or directory', 'D:\\xampp\\htdocs\\demo_ci4\\app\\Views\\index.php', 12)
 2 APPPATH\Views\index.php(12): require()
 3 SYSTEMPATH\View\View.php(234): include('D:\\xampp\\htdocs\\demo_ci4\\app\\Views\\index.php')
 4 SYSTEMPATH\View\View.php(237): CodeIgniter\View\View->CodeIgniter\View\{closure}()
 5 SYSTEMPATH\Common.php(1171): CodeIgniter\View\View->render('index', [], true)
 6 APPPATH\Controllers\Pages.php(9): view('index')
 7 SYSTEMPATH\CodeIgniter.php(933): App\Controllers\Pages->index()
 8 SYSTEMPATH\CodeIgniter.php(509): CodeIgniter\CodeIgniter->runController(Object(App\Controllers\Pages))
 9 SYSTEMPATH\CodeIgniter.php(355): CodeIgniter\CodeIgniter->handleRequest(null, Object(Config\Cache), false)
10 SYSTEMPATH\Boot.php(325): CodeIgniter\CodeIgniter->run()
11 SYSTEMPATH\Boot.php(67): CodeIgniter\Boot::runCodeIgniter(Object(CodeIgniter\CodeIgniter))
12 FCPATH\index.php(56): CodeIgniter\Boot::bootWeb(Object(Config\Paths))
CRITICAL - 2026-09-10 10:21:38 --> ErrorException: require(Views/nav.php): Failed to open stream: No such file or directory
[Method: GET, Route: /]
in APPPATH\Views\index.php on line 12.
 1 APPPATH\Views\index.php(12): CodeIgniter\Debug\Exceptions->errorHandler(2, 'require(Views/nav.php): Failed to open stream: No such file or directory', 'D:\\xampp\\htdocs\\demo_ci4\\app\\Views\\index.php', 12)
 2 APPPATH\Views\index.php(12): require()
 3 SYSTEMPATH\View\View.php(234): include('D:\\xampp\\htdocs\\demo_ci4\\app\\Views\\index.php')
 4 SYSTEMPATH\View\View.php(237): CodeIgniter\View\View->CodeIgniter\View\{closure}()
 5 SYSTEMPATH\Common.php(1171): CodeIgniter\View\View->render('index', [], true)
 6 APPPATH\Controllers\Pages.php(9): view('index')
 7 SYSTEMPATH\CodeIgniter.php(933): App\Controllers\Pages->index()
 8 SYSTEMPATH\CodeIgniter.php(509): CodeIgniter\CodeIgniter->runController(Object(App\Controllers\Pages))
 9 SYSTEMPATH\CodeIgniter.php(355): CodeIgniter\CodeIgniter->handleRequest(null, Object(Config\Cache), false)
10 SYSTEMPATH\Boot.php(325): CodeIgniter\CodeIgniter->run()
11 SYSTEMPATH\Boot.php(67): CodeIgniter\Boot::runCodeIgniter(Object(CodeIgniter\CodeIgniter))
12 FCPATH\index.php(56): CodeIgniter\Boot::bootWeb(Object(Config\Paths))
CRITICAL - 2026-09-10 10:24:05 --> ErrorException: require(Views/nav.php): Failed to open stream: No such file or directory
[Method: GET, Route: /]
in APPPATH\Views\index.php on line 12.
 1 APPPATH\Views\index.php(12): CodeIgniter\Debug\Exceptions->errorHandler(2, 'require(Views/nav.php): Failed to open stream: No such file or directory', 'D:\\xampp\\htdocs\\demo_ci4\\app\\Views\\index.php', 12)
 2 APPPATH\Views\index.php(12): require()
 3 SYSTEMPATH\View\View.php(234): include('D:\\xampp\\htdocs\\demo_ci4\\app\\Views\\index.php')
 4 SYSTEMPATH\View\View.php(237): CodeIgniter\View\View->CodeIgniter\View\{closure}()
 5 SYSTEMPATH\Common.php(1171): CodeIgniter\View\View->render('index', [], true)
 6 APPPATH\Controllers\Pages.php(9): view('index')
 7 SYSTEMPATH\CodeIgniter.php(933): App\Controllers\Pages->index()
 8 SYSTEMPATH\CodeIgniter.php(509): CodeIgniter\CodeIgniter->runController(Object(App\Controllers\Pages))
 9 SYSTEMPATH\CodeIgniter.php(355): CodeIgniter\CodeIgniter->handleRequest(null, Object(Config\Cache), false)
10 SYSTEMPATH\Boot.php(325): CodeIgniter\CodeIgniter->run()
11 SYSTEMPATH\Boot.php(67): CodeIgniter\Boot::runCodeIgniter(Object(CodeIgniter\CodeIgniter))
12 FCPATH\index.php(56): CodeIgniter\Boot::bootWeb(Object(Config\Paths))
CRITICAL - 2026-09-10 10:24:19 --> ErrorException: require(Views/nav.php): Failed to open stream: No such file or directory
[Method: GET, Route: /]
in APPPATH\Views\index.php on line 12.
 1 APPPATH\Views\index.php(12): CodeIgniter\Debug\Exceptions->errorHandler(2, 'require(Views/nav.php): Failed to open stream: No such file or directory', 'D:\\xampp\\htdocs\\demo_ci4\\app\\Views\\index.php', 12)
 2 APPPATH\Views\index.php(12): require()
 3 SYSTEMPATH\View\View.php(234): include('D:\\xampp\\htdocs\\demo_ci4\\app\\Views\\index.php')
 4 SYSTEMPATH\View\View.php(237): CodeIgniter\View\View->CodeIgniter\View\{closure}()
 5 SYSTEMPATH\Common.php(1171): CodeIgniter\View\View->render('index', [], true)
 6 APPPATH\Controllers\Pages.php(9): view('index')
 7 SYSTEMPATH\CodeIgniter.php(933): App\Controllers\Pages->index()
 8 SYSTEMPATH\CodeIgniter.php(509): CodeIgniter\CodeIgniter->runController(Object(App\Controllers\Pages))
 9 SYSTEMPATH\CodeIgniter.php(355): CodeIgniter\CodeIgniter->handleRequest(null, Object(Config\Cache), false)
10 SYSTEMPATH\Boot.php(325): CodeIgniter\CodeIgniter->run()
11 SYSTEMPATH\Boot.php(67): CodeIgniter\Boot::runCodeIgniter(Object(CodeIgniter\CodeIgniter))
12 FCPATH\index.php(56): CodeIgniter\Boot::bootWeb(Object(Config\Paths))
CRITICAL - 2026-09-10 10:35:30 --> ErrorException: Undefined array key "image"
[Method: GET, Route: customers]
in APPPATH\Views\customers.php on line 21.
 1 APPPATH\Views\customers.php(21): CodeIgniter\Debug\Exceptions->errorHandler(2, 'Undefined array key "image"', 'D:\\xampp\\htdocs\\demo_ci4\\app\\Views\\customers.php', 21)
 2 SYSTEMPATH\View\View.php(234): include('D:\\xampp\\htdocs\\demo_ci4\\app\\Views\\customers.php')
 3 SYSTEMPATH\View\View.php(237): CodeIgniter\View\View->CodeIgniter\View\{closure}()
 4 SYSTEMPATH\Common.php(1171): CodeIgniter\View\View->render('customers', [], true)
 5 APPPATH\Controllers\Customers.php(37): view('customers', [...])
 6 SYSTEMPATH\CodeIgniter.php(933): App\Controllers\Customers->customers()
 7 SYSTEMPATH\CodeIgniter.php(509): CodeIgniter\CodeIgniter->runController(Object(App\Controllers\Customers))
 8 SYSTEMPATH\CodeIgniter.php(355): CodeIgniter\CodeIgniter->handleRequest(null, Object(Config\Cache), false)
 9 SYSTEMPATH\Boot.php(325): CodeIgniter\CodeIgniter->run()
10 SYSTEMPATH\Boot.php(67): CodeIgniter\Boot::runCodeIgniter(Object(CodeIgniter\CodeIgniter))
11 FCPATH\index.php(56): CodeIgniter\Boot::bootWeb(Object(Config\Paths))
